// Jest Snapshot v1, https://goo.gl/fbAQLP

exports[`api: configuration should load conf from "yprox-cli.config.js" 1`] = `
Object {
  "autoprefixer": Object {},
  "babel": true,
  "cssnano": Object {
    "preset": "default",
  },
  "eslint": Object {
    "extensions": Array [
      ".js",
      ".vue",
    ],
  },
  "gifsicle": Object {
    "interlaced": true,
  },
  "handlers": Object {
    "javascript": Object {
      "babel": Object {
        "exclude": Array [
          "/node_modules/**",
        ],
      },
      "commonjs": Object {},
      "json": Object {},
      "nodeResolve": Object {
        "browser": true,
        "extensions": Array [
          ".mjs",
          ".js",
          ".json",
          ".node",
          ".vue",
        ],
        "mainFields": Array [
          "module",
        ],
      },
      "shims": Object {},
      "vue": Object {},
    },
    "sass": Object {},
  },
  "jpegtran": Object {
    "progressive": true,
  },
  "optipng": Object {
    "optimizationLevel": 5,
  },
  "path": Object {},
  "svgo": Object {
    "plugins": Array [
      Object {
        "removeViewBox": true,
      },
    ],
  },
  "terser": Object {},
}
`;
