// Jest Snapshot v1, https://goo.gl/fbAQLP

exports[`utils: cli show a specific command help should show help for \`build\` command 1`] = `
"
  Usage: yprox-cli build [options]

  Options:

    --lint Lint before build

"
`;

exports[`utils: cli show a specific command help should show help for \`lint\` command 1`] = `
"
  Usage: yprox-cli lint [options]

  Options:

    --fix Fix some errors

"
`;

exports[`utils: cli show global help should show global help 1`] = `
"
  Usage: yprox-cli [command] [options]

  Options:

    --help    display this help
    --version display version

  Commands:

    build Build files
    lint  Lint files

  run yprox-cli [command] --help for usage of a specific command

"
`;
